// Jest Snapshot v1, https://goo.gl/fbAQLP

exports[`should render NotFoundPage correctly 1`] = `
<div>
  404 Component Not Found 
  <Link
    to="/"
  >
    Return to Home
  </Link>
</div>
`;
